MSBuild version 18.7.8+1ac568fee for .NET Framework

  Checking File Globs
  1>Checking Build System
  Building Custom Rule C:/dev/Cosmic/Cosmic/CMakeLists.txt
  Building Custom Rule C:/dev/Cosmic/Cosmic/dependencies/JoltPhysics/CMakeLists.txt
  Building Custom Rule C:/dev/Cosmic/Cosmic/dependencies/glfw/src/CMakeLists.txt
  glad.c
  context.c
  init.c
  input.c
  monitor.c
  platform.c
  vulkan.c
  window.c
  egl_context.c
  osmesa_context.c
  null_init.c
  null_monitor.c
  null_window.c
  null_joystick.c
  win32_module.c
  win32_time.c
  win32_thread.c
  AABBTreeBuilder.cpp
  Color.cpp
  Factory.cpp
  IssueReporting.cpp
  JobSystemSingleThreaded.cpp
  JobSystemThreadPool.cpp
  JobSystemWithBarrier.cpp
  LinearCurve.cpp
  Memory.cpp
  Profiler.cpp
  RTTI.cpp
  Semaphore.cpp
  StringTools.cpp
  TickCounter.cpp
  ConvexHullBuilder.cpp
  ConvexHullBuilder2D.cpp
  glad.vcxproj -> C:\dev\Cosmic\build\Cosmic\Debug\glad.lib
  win32_init.c
  win32_joystick.c
  win32_monitor.c
  win32_window.c
  wgl_context.c
  glfw.vcxproj -> C:\dev\Cosmic\build\Cosmic\dependencies\glfw\src\Debug\glfw3.lib
  Indexify.cpp
  OrientedBox.cpp
  Vec3.cpp
  ObjectStream.cpp
  ObjectStreamBinaryIn.cpp
  ObjectStreamBinaryOut.cpp
  ObjectStreamIn.cpp
  ObjectStreamOut.cpp
  ObjectStreamTextIn.cpp
  ObjectStreamTextOut.cpp
  Building Custom Rule C:/dev/Cosmic/Cosmic/CMakeLists.txt
  SerializableObject.cpp
  TypeDeclarations.cpp
  Body.cpp
  BodyCreationSettings.cpp
  BodyInterface.cpp
  imgui.cpp
  imgui_draw.cpp
  imgui_widgets.cpp
  imgui_tables.cpp
  imgui_impl_glfw.cpp
  imgui_impl_opengl3.cpp
  BodyManager.cpp
  MassProperties.cpp
  MotionProperties.cpp
  Character.cpp
  CharacterBase.cpp
  CharacterVirtual.cpp
  BroadPhase.cpp
  BroadPhaseBruteForce.cpp
  BroadPhaseQuadTree.cpp
  QuadTree.cpp
  CastConvexVsTriangles.cpp
  CastSphereVsTriangles.cpp
  CollideConvexVsTriangles.cpp
  CollideSphereVsTriangles.cpp
  imgui.vcxproj -> C:\dev\Cosmic\build\Cosmic\Debug\imgui.lib
  CollisionDispatch.cpp
  CollisionGroup.cpp
  EstimateCollisionResponse.cpp
  GroupFilter.cpp
  Building Custom Rule C:/dev/Cosmic/Cosmic/CMakeLists.txt
  Building Custom Rule C:/dev/Cosmic/Cosmic/CMakeLists.txt
  GroupFilterTable.cpp
  ManifoldBetweenTwoFaces.cpp
  NarrowPhaseQuery.cpp
  NarrowPhaseStats.cpp
  PhysicsMaterial.cpp
  PhysicsMaterialSimple.cpp
  implot.cpp
  BoxShape.cpp
  implot_items.cpp
  implot_demo.cpp
  CapsuleShape.cpp
  CompoundShape.cpp
  ConvexHullShape.cpp
  ConvexShape.cpp
  CylinderShape.cpp
  DecoratedShape.cpp
  EmptyShape.cpp
  ImGuizmo.cpp
  HeightFieldShape.cpp
  MeshShape.cpp
  MutableCompoundShape.cpp
  OffsetCenterOfMassShape.cpp
  PlaneShape.cpp
  RotatedTranslatedShape.cpp
  ScaledShape.cpp
  ImGuizmo.vcxproj -> C:\dev\Cosmic\build\Cosmic\Debug\ImGuizmo.lib
  Shape.cpp
  SphereShape.cpp
  StaticCompoundShape.cpp
  TaperedCapsuleShape.cpp
  TaperedCylinderShape.cpp
  TriangleShape.cpp
  TransformedShape.cpp
  ConeConstraint.cpp
  Constraint.cpp
  ConstraintManager.cpp
  ContactConstraintManager.cpp
  DistanceConstraint.cpp
  FixedConstraint.cpp
  GearConstraint.cpp
  HingeConstraint.cpp
  MotorSettings.cpp
  PathConstraint.cpp
  PathConstraintPath.cpp
  PathConstraintPathHermite.cpp
  PointConstraint.cpp
  PulleyConstraint.cpp
  RackAndPinionConstraint.cpp
  implot.vcxproj -> C:\dev\Cosmic\build\Cosmic\Debug\implot.lib
  SixDOFConstraint.cpp
  SliderConstraint.cpp
  SpringSettings.cpp
  SwingTwistConstraint.cpp
  TwoBodyConstraint.cpp
  DeterminismLog.cpp
  IslandBuilder.cpp
  LargeIslandSplitter.cpp
  PhysicsScene.cpp
  PhysicsSystem.cpp
  PhysicsUpdateContext.cpp
  Ragdoll.cpp
  SoftBodyCreationSettings.cpp
  SoftBodyMotionProperties.cpp
  SoftBodyShape.cpp
  SoftBodySharedSettings.cpp
  StateRecorderImpl.cpp
  MotorcycleController.cpp
  TrackedVehicleController.cpp
  VehicleAntiRollBar.cpp
  VehicleCollisionTester.cpp
  VehicleConstraint.cpp
  VehicleController.cpp
  VehicleDifferential.cpp
  VehicleEngine.cpp
  VehicleTrack.cpp
  VehicleTransmission.cpp
  Wheel.cpp
  WheeledVehicleController.cpp
  RegisterTypes.cpp
  DebugRenderer.cpp
  DebugRendererPlayback.cpp
  DebugRendererRecorder.cpp
  DebugRendererSimple.cpp
  SkeletalAnimation.cpp
  Skeleton.cpp
  SkeletonMapper.cpp
  SkeletonPose.cpp
  TriangleSplitter.cpp
  TriangleSplitterBinning.cpp
  TriangleSplitterMean.cpp
  Jolt.vcxproj -> C:\dev\Cosmic\build\Cosmic\dependencies\JoltPhysics\Debug\Jolt.lib
  Building Custom Rule C:/dev/Cosmic/Cosmic/CMakeLists.txt
  cmake_pch.cxx
  stb_image.cpp
  stb_image_write.cpp
  stb_truetype.cpp
  AssetLibrary.cpp
  Audio.cpp
  MiniaudioImpl.cpp
  Camera2DController.cpp
  FlyCameraController.cpp
  OrbitCameraController.cpp
  OrthographicCamera.cpp
  OrthographicCameraController.cpp
  PerspectiveCamera.cpp
  Application.cpp
  CommandStack.cpp
  Input.cpp
  LayerStack.cpp
  Log.cpp
  UUID.cpp
  Window.cpp
  Buffer.cpp
  Font.cpp
  FrameBuffer.cpp
  Gizmo.cpp
  Material.cpp
  Mesh.cpp
  Shader.cpp
  StorageBuffer.cpp
  SubTexture2D.cpp
  Texture.cpp
  TextureCube.cpp
  UniformBuffer.cpp
  VertexArray.cpp
  JobSystem.cpp
  ImGuiLayer.cpp
  LauncherLayer.cpp
  PlayerLayer.cpp
  WorkspaceLayer.cpp
  PhysicsBackend.cpp
  PhysicsWorld.cpp
  ScenePhysics.cpp
  JoltBackend.cpp
  NullBackend.cpp
  OpenGLBuffer.cpp
  OpenGLContext.cpp
  OpenGLFrameBuffer.cpp
  OpenGLRendererAPI.cpp
  OpenGLShader.cpp
  OpenGLStorageBuffer.cpp
  OpenGLTexture.cpp
  OpenGLTextureCube.cpp
  OpenGLUniformBuffer.cpp
  OpenGLVertexArray.cpp
  TypeRegistry.cpp
  Light2DRenderer.cpp
  PostProcessStack.cpp
  RenderCommand.cpp
  Renderer.cpp
  Renderer2D.cpp
  RendererAPI.cpp
  SceneRenderer.cpp
  EventBus.cpp
  FlowMachine.cpp
  Scene.cpp
  SceneManager.cpp
  SceneSerializer.cpp
  StoryGraph.cpp
  UiSystem.cpp
  ModuleRegistry.cpp
  ScriptHost.cpp
  SerialLink.cpp
  SerialPort.cpp
  DataPlayer.cpp
  DataRecorder.cpp
  EntitySelection.cpp
  TelemetryPanel.cpp
  Fonts.cpp
  PlotStyle.cpp
  ThemeManager.cpp
  Widgets.cpp
  Branding.cpp
  Config.cpp
  DataExport.cpp
  ExeResources.cpp
  FileDialog.cpp
  FileSystem.cpp
  FileWatcher.cpp
  ImageIO.cpp
     Creating library C:/dev/Cosmic/build/Runtime/Debug/Cosmic.lib and object C:/dev/Cosmic/build/Runtime/Debug/Cosmic.exp
  Cosmic.vcxproj -> C:\dev\Cosmic\build\Runtime\Debug\Cosmic.dll
  Syncing Cosmic Engine core assets to output directory...
  Building Custom Rule C:/dev/Cosmic/Projects/Starforge/CMakeLists.txt
  Building Custom Rule C:/dev/Cosmic/Projects/SF_Telem/CMakeLists.txt
  Building Custom Rule C:/dev/Cosmic/tests/CMakeLists.txt
  Building Custom Rule C:/dev/Cosmic/Runtime/CMakeLists.txt
  Building Custom Rule C:/dev/Cosmic/Runtime/CMakeLists.txt
  Building Custom Rule C:/dev/Cosmic/tests/render/CMakeLists.txt
  Main.cpp
  Main.cpp
  render_main.cpp
  DashboardView.cpp
  DrivetrainLayer.cpp
  MainLayer.cpp
  AssetTypes.cpp
  BuildRunner.cpp
  EditorCameraRig.cpp
  EditorSnapshot.cpp
  GameModule.cpp
  test_main.cpp
  test_framing.cpp
  LayoutPresets.cpp
  test_spatial.cpp
  test_bufferlayout.cpp
  GoldenImage.cpp
  ReplayLayer.cpp
  SF_Telem.cpp
  TelemHub.cpp
  Packager.cpp
  PreviewRig.cpp
  TestHub.cpp
  test_telemetry_roundtrip.cpp
  ProjectAssets.cpp
  StarforgeApp.cpp
  test_config.cpp
  render_2d.cpp
  test_filesystem_mounts.cpp
  TelemetryRecording.cpp
  ViewportController.cpp
  test_exe_resources.cpp
  test_integrators.cpp
  TestLayers.cpp
  TestingManager.cpp
  test_lookuptable.cpp
  EditorCommands.cpp
  WeaponLayer.cpp
  test_filters.cpp
  AssetEditorHost.cpp
  render_3d.cpp
  FlowEditor.cpp
  test_random.cpp
  test_noise.cpp
  test_audio.cpp
  test_components.cpp
  test_assetlibrary.cpp
  PostChainEditor.cpp
  test_s5_navigation.cpp
  test_reflect.cpp
  test_material.cpp
  test_scene_serializer.cpp
  test_hierarchy.cpp
  test_scene_components.cpp
  test_scenemanager.cpp
  test_commandstack.cpp
  test_filewatcher.cpp
  test_scripthost.cpp
  test_physics_world.cpp
  test_physics_scene.cpp
  test_physics_events.cpp
  test_physics_character.cpp
  test_physics_determinism.cpp
  test_physics_backend.cpp
  test_physics_2d.cpp
  test_ui_rects.cpp
  test_flowmachine.cpp
  StoryEditor.cpp
  test_story.cpp
  ConsolePanel.cpp
  test_camera2d.cpp
  test_tilemap.cpp
  ContentBrowserPanel.cpp
  EnvironmentPanel.cpp
  HierarchyPanel.cpp
  InspectorPanel.cpp
  test_template_scripts.cpp
  test_branding.cpp
  test_events.cpp
  test_sprite_order.cpp
  MaterialEditorPanel.cpp
  ProfilerPanel.cpp
  SystemPanel.cpp
  test_light2d.cpp
  TelemetryPanel.cpp
  test_sprite_animation.cpp
  TilePalettePanel.cpp
  test_tilemap_extra.cpp
  NodeCanvas.cpp
  test_ui_anchor.cpp
  CosmicApp.vcxproj -> C:\dev\Cosmic\build\Runtime\Debug\CosmicApp.exe
  Timeline.cpp
  test_timeline_state.cpp
  test_scene2d_determinism.cpp
  test_telemetry_robustness.cpp
  VariablesPanel.cpp
  CosmicRenderTests.vcxproj -> C:\dev\Cosmic\build\Runtime\Debug\CosmicRenderTests.exe
  test_serial_lifecycle.cpp
  test_sftelem_protocol.cpp
  test_sftelem_hub.cpp
  test_crossbuild_scene.cpp
  TelemHub.cpp
     Creating library C:/dev/Cosmic/build/Projects/SF_Telem/Debug/SF_Telem.lib and object C:/dev/Cosmic/build/Projects/SF_Telem/Debug/SF_Telem.exp
  StarforgeEditor.vcxproj -> C:\dev\Cosmic\build\Runtime\Debug\Starforge.exe
  SF_Telem.vcxproj -> C:\dev\Cosmic\build\Runtime\Debug\SF_Telem.dll
  Syncing SF_Telem assets to VFS output directory...
  imgui_node_editor.cpp
  imgui_node_editor_api.cpp
  imgui_canvas.cpp
  crude_json.cpp
     Creating library C:/dev/Cosmic/build/Projects/Starforge/Debug/Starforge.lib and object C:/dev/Cosmic/build/Projects/Starforge/Debug/Starforge.exp
  Starforge.vcxproj -> C:\dev\Cosmic\build\Runtime\Debug\Starforge.dll
  Syncing Starforge assets to VFS output directory...	Staging the Starforge branding icon next to the runtime...
  CosmicTests.vcxproj -> C:\dev\Cosmic\build\Runtime\Debug\CosmicTests.exe
  Building Custom Rule C:/dev/Cosmic/CMakeLists.txt
